╭──────────────────────────────────────────────────────────╮
│  glow                       [m[38;5;defaultm┌───────────────────────────┐[m[m│
│  closing                    [m[38;5;defaultm│[m[m Name: ソニ                [m[38;5;defaultm│[m[m│
│[m[38;5;;48;5;defaultm> [m[1;38;5;;48;5;defaultmソラニン[m[m                   [m[38;5;defaultm│[m[m Artist: ASIAN KUNG-FU GE. [m[38;5;defaultm│[m[m│
│  adrenaline!!!              [m[38;5;defaultm│[m[m                           [m[38;5;defaultm│[m[m│
│  ヒトリノ夜                 [m[38;5;defaultm│[m[m                           [m[38;5;defaultm│[m[m│
│  あの日自分が出て行ってや.. [m[38;5;defaultm│[m[m                           [m[38;5;defaultm│[m[m│
│  [m[38;5;m9/9[m[m                        [m[38;5;defaultm│[m[m                           [m[38;5;defaultm│[m[m│
│[m[38;5;m> [m[38;5;m█[m[m                          [m[38;5;defaultm└───────────────────────────┘[m[m│
╰──────────────────────────────────────────────────────────╯
[m