                                                            
                                                            
                                                            
                                                            
                                                            
                                                            
                                                            
[m[38;5;9;48;5;0m> [m[1;38;2;0;139;139;48;5;0mthree2one[m[m                                                 
  [m[38;5;11m1/2[m[m                                                       
[m[38;5;12m> [m[1mthree2one[m[38;5;15mâ–ˆ[m[m                                                
[m