╭──────────────────────────────────────────────────────────╮
│  glow                       [m[38;5;defaultm┌───────────────────────────┐[m[m│
│  closing                    [m[38;5;defaultm│[m[m Name: あ日分出行          [m[38;5;defaultm│[m[m│
│  ソラニン                   [m[38;5;defaultm│[m[m Artist:                   [m[38;5;defaultm│[m[m│
│  adrenaline!!!              [m[38;5;defaultm│[m[m                           [m[38;5;defaultm│[m[m│
│  ヒトリノ夜                 [m[38;5;defaultm│[m[m                           [m[38;5;defaultm│[m[m│
│[m[38;5;;48;5;defaultm> [m[1;38;5;;48;5;defaultmあの日自分が出て行ってや..[m[m [m[38;5;defaultm│[m[m                           [m[38;5;defaultm│[m[m│
│  [m[38;5;m9/9[m[m                        [m[38;5;defaultm│[m[m                           [m[38;5;defaultm│[m[m│
│[m[38;5;m> [m[38;5;m█[m[m                          [m[38;5;defaultm└───────────────────────────┘[m[m│
╰──────────────────────────────────────────────────────────╯
[m