                              [m[38;5;0m┌────────────────────────────┐
                              [m[38;5;0m│[m[39m Name: glow                 [m[38;5;0m│
                              [m[38;5;0m│[m[39m Artist: keeno              [m[38;5;0m│
                              [m[38;5;0m│[m[39m                            [m[38;5;0m│
                              [m[38;5;0m│[m[39m                            [m[38;5;0m│
                              [m[38;5;0m│[m[39m                            [m[38;5;0m│
  c[m[38;5;2mlo[m[39msing                     [m[38;5;0m│[m[39m                            [m[38;5;0m│
[m[38;5;1m[48;5;0m> [m[1;38;5;3m[48;5;0mg[m[1;38;5;6m[48;5;0mlo[m[1;38;5;3m[48;5;0mw[m[39m                        [m[38;5;0m│[m[39m                            [m[38;5;0m│
  [m[38;5;3m2/9[m[39m                         [m[38;5;0m│[m[39m                            [m[38;5;0m│
[m[38;5;4m> [m[1;39mlo[m[38;5;7m█[m[39m                         [m[38;5;0m└────────────────────────────┘
[m