  ICHIDAIJI                   [m[38;5;0m┌────────────────────────────┐
  メーベル                    [m[38;5;0m│[m[39m Name: あの日自分が出て行.. [m[38;5;0m│
  glow                        [m[38;5;0m│[m[39m Artist:                    [m[38;5;0m│
  closing                     [m[38;5;0m│[m[39m                            [m[38;5;0m│
  ソラニン                    [m[38;5;0m│[m[39m                            [m[38;5;0m│
  adrenaline!!!               [m[38;5;0m│[m[39m                            [m[38;5;0m│
  ヒトリノ夜                  [m[38;5;0m│[m[39m                            [m[38;5;0m│
[m[38;5;1m[48;5;0m> [m[1;38;5;3m[48;5;0mあの日自分が出て行ってや..[m[39m  [m[38;5;0m│[m[39m                            [m[38;5;0m│
  [m[38;5;3m9/9[m[39m                         [m[38;5;0m│[m[39m                            [m[38;5;0m│
[m[38;5;4m> [m[38;5;7m█[m[39m                           [m[38;5;0m└────────────────────────────┘
[m