                              [m[38;5;0mРћїРћђРћђРћђРћђРћђРћђРћђРћђРћђРћђРћђРћђРћђРћђРћђРћђРћђРћђРћђРћђРћђРћђРћђРћђРћђРћђРћђРћђРћљ
                              [m[38;5;0mРћѓ[m[39m not found                  [m[38;5;0mРћѓ
                              [m[38;5;0mРћѓ[m[39m                            [m[38;5;0mРћѓ
                              [m[38;5;0mРћѓ[m[39m                            [m[38;5;0mРћѓ
                              [m[38;5;0mРћѓ[m[39m                            [m[38;5;0mРћѓ
                              [m[38;5;0mРћѓ[m[39m                            [m[38;5;0mРћѓ
                              [m[38;5;0mРћѓ[m[39m                            [m[38;5;0mРћѓ
                              [m[38;5;0mРћѓ[m[39m                            [m[38;5;0mРћѓ
  [m[38;5;3m0/9                         [m[38;5;0mРћѓ[m[39m                            [m[38;5;0mРћѓ
[m[38;5;4m> [m[1;39mсѓєсѓІсЂхсѓЈТе╣Тхисѓг[m[48;5;7mсЃ╝[m[1;39mсЃФ          [m[38;5;0mРћћРћђРћђРћђРћђРћђРћђРћђРћђРћђРћђРћђРћђРћђРћђРћђРћђРћђРћђРћђРћђРћђРћђРћђРћђРћђРћђРћђРћђРћў
[m