                                                            
                                                            
                                                            
                                                            
                                                            
                                                            
  three2[m[38;5;2mone[m[m                                                 
[m[38;5;9;48;5;0m> [m[1;38;2;0;139;139;48;5;0mone[m[m                                                       
  [m[38;5;11m2/2[m[m                                                       
[m[38;5;12m> [m[1mone[m[38;5;15mâ–ˆ[m[m                                                      
[m