[m[38;5;1m[48;5;0m> [m[1;38;5;3m[48;5;0mCatch the Moment[m[39m            [m[38;5;0m┌────────────────────────────┐
  ICHIDAIJI                   [m[38;5;0m│[m[39m Name: Catch the Moment     [m[38;5;0m│
  メーベル                    [m[38;5;0m│[m[39m Artist: LiSA               [m[38;5;0m│
  glow                        [m[38;5;0m│[m[39m                            [m[38;5;0m│
  closing                     [m[38;5;0m│[m[39m                            [m[38;5;0m│
  ソラニン                    [m[38;5;0m│[m[39m                            [m[38;5;0m│
  adrenaline!!!               [m[38;5;0m│[m[39m                            [m[38;5;0m│
  ヒトリノ夜                  [m[38;5;0m│[m[39m                            [m[38;5;0m│
  [m[38;5;3m9/9[m[39m                         [m[38;5;0m│[m[39m                            [m[38;5;0m│
[m[38;5;4m> [m[38;5;7m█[m[39m                           [m[38;5;0m└────────────────────────────┘
[m