                              [m[38;5;0m┌────────────────────────────┐
                              [m[38;5;0m│[m[39m Name: adrenaline!!!        [m[38;5;0m│
                              [m[38;5;0m│[m[39m Artist: TrySail            [m[38;5;0m│
                              [m[38;5;0m│[m[39m                            [m[38;5;0m│
                              [m[38;5;0m│[m[39m                            [m[38;5;0m│
                              [m[38;5;0m│[m[39m                            [m[38;5;0m│
                              [m[38;5;0m│[m[39m                            [m[38;5;0m│
[m[38;5;1m[48;5;0m> [m[1;38;5;6m[48;5;0madrena[m[1;38;5;3m[48;5;0mline!!![m[39m               [m[38;5;0m│[m[39m                            [m[38;5;0m│
  [m[38;5;3m1/9[m[39m                         [m[38;5;0m│[m[39m                            [m[38;5;0m│
[m[38;5;4m> [m[1;39madrena[m[38;5;7m█[m[39m                     [m[38;5;0m└────────────────────────────┘
[m