                                                            
                                                            
                                                            
                                                            
                                                            
                                                            
  two                                                       
[m[38;5;9;48;5;0m> [m[1;38;5;11;48;5;0mone[m[m                                                       
  [m[38;5;11m2/2[m[m                                                       
[m[38;5;12m> [m[38;5;15mâ–ˆ[m[m                                                         
[m