                              [m[38;5;0m┌────────────────────────────┐
                              [m[38;5;0m│[m[39m not found                  [m[38;5;0m│
                              [m[38;5;0m│[m[39m                            [m[38;5;0m│
                              [m[38;5;0m│[m[39m                            [m[38;5;0m│
                              [m[38;5;0m│[m[39m                            [m[38;5;0m│
                              [m[38;5;0m│[m[39m                            [m[38;5;0m│
                              [m[38;5;0m│[m[39m                            [m[38;5;0m│
                              [m[38;5;0m│[m[39m                            [m[38;5;0m│
  [m[38;5;3m0/9[m[39m                         [m[38;5;0m│[m[39m                            [m[38;5;0m│
[m[38;5;4m> [m[39m[48;5;7mレ[m[49mンジ                      [m[38;5;0m└────────────────────────────┘
[m