                              [m[38;5;0m┌────────────────────────────┐
                              [m[38;5;0m│[m[39m Name: glow                 [m[38;5;0m│
                              [m[38;5;0m│[m[39m Artist: keeno              [m[38;5;0m│
                              [m[38;5;0m│[m[39m                            [m[38;5;0m│
                              [m[38;5;0m│[m[39m                            [m[38;5;0m│
                              [m[38;5;0m│[m[39m                            [m[38;5;0m│
                              [m[38;5;0m│[m[39m                            [m[38;5;0m│
[m[38;5;1m[48;5;0m> [m[1;38;5;6m[48;5;0mglow[m[39m                        [m[38;5;0m│[m[39m                            [m[38;5;0m│
  [m[38;5;3m1/9[m[39m                         [m[38;5;0m│[m[39m                            [m[38;5;0m│
[m[38;5;4m> [m[1;39mglow[m[38;5;7m█[m[39m                       [m[38;5;0m└────────────────────────────┘
[m