                              [m[38;5;0m┌────────────────────────────┐
                              [m[38;5;0m│[m[39m not found                  [m[38;5;0m│
                              [m[38;5;0m│[m[39m                            [m[38;5;0m│
                              [m[38;5;0m│[m[39m                            [m[38;5;0m│
                              [m[38;5;0m│[m[39m                            [m[38;5;0m│
                              [m[38;5;0m│[m[39m                            [m[38;5;0m│
                              [m[38;5;0m│[m[39m                            [m[38;5;0m│
                              [m[38;5;0m│[m[39m                            [m[38;5;0m│
  [m[38;5;3m0/9[m[39m                         [m[38;5;0m│[m[39m                            [m[38;5;0m│
[m[38;5;4m> [m[1;39mオレ[m[48;5;7mジ[m[49m                      [m[38;5;0m└────────────────────────────┘
[m