╭─────────────────────────────[m[38;5;defaultm┌────────────────────────────┐
│  glow                       [m[38;5;defaultm│[m[m Name: Catch the Moment     [m[38;5;defaultm│
│  closing                    [m[38;5;defaultm│[m[m Artist: LiSA               [m[38;5;defaultm│
│  ソラニン                   [m[38;5;defaultm│[m[m                            [m[38;5;defaultm│
│  adrenaline!!!              [m[38;5;defaultm│[m[m                            [m[38;5;defaultm│
│  ヒトリノ夜                 [m[38;5;defaultm│[m[m                            [m[38;5;defaultm│
│  あの日自分が出て行ってや.. [m[38;5;defaultm│[m[m                            [m[38;5;defaultm│
│  [m[38;5;m9/9[m[m                        [m[38;5;defaultm│[m[m                            [m[38;5;defaultm│
│[m[38;5;m> [m[38;5;m█[m[m                          [m[38;5;defaultm│[m[m                            [m[38;5;defaultm│
╰─────────────────────────────[m[38;5;defaultm└────────────────────────────┘
[m