                              [m[38;5;0m┌────────────────────────────┐
                              [m[38;5;0m│[m[m not found                  [m[38;5;0m│
                              [m[38;5;0m│[m[m                            [m[38;5;0m│
                              [m[38;5;0m│[m[m                            [m[38;5;0m│
                              [m[38;5;0m│[m[m                            [m[38;5;0m│
                              [m[38;5;0m│[m[m                            [m[38;5;0m│
                              [m[38;5;0m│[m[m                            [m[38;5;0m│
                              [m[38;5;0m│[m[m                            [m[38;5;0m│
  [m[38;5;11m0/9[m[m                         [m[38;5;0m│[m[m                            [m[38;5;0m│
[m[38;5;12m> [m[1mオレ[m[38;5;15m█[m[m                       [m[38;5;0m└────────────────────────────┘
[m