[m[38;5;9;48;5;0m> [m[1;38;5;11;48;5;0mCatch the Moment[m[m            [m[38;5;0m┌────────────────────────────┐
  ICHIDAIJI                   [m[38;5;0m│[m[m Name: Catch the Moment     [m[38;5;0m│
  メーベル                    [m[38;5;0m│[m[m Artist: LiSA               [m[38;5;0m│
  glow                        [m[38;5;0m│[m[m                            [m[38;5;0m│
  closing                     [m[38;5;0m│[m[m                            [m[38;5;0m│
  ソラニン                    [m[38;5;0m│[m[m                            [m[38;5;0m│
  adrenaline!!!               [m[38;5;0m│[m[m                            [m[38;5;0m│
  ヒトリノ夜                  [m[38;5;0m│[m[m                            [m[38;5;0m│
  [m[38;5;11m9/9[m[m                         [m[38;5;0m│[m[m                            [m[38;5;0m│
[m[38;5;12m> [m[38;5;15m█[m[m                           [m[38;5;0m└────────────────────────────┘
[m