  ICHIDAIJI                   [m[38;5;0m┌────────────────────────────┐
  メーベル                    [m[38;5;0m│[m[m ab[m[38;5;1mc[m[48;5;2md[m[38;5;139me[m[48;5;229mf[m[38;2;10;200;30mg[m[48;2;255;200;100mh[m[m                   [m[38;5;0m│
  glow                        [m[38;5;0m│[m[m                            [m[38;5;0m│
  closing                     [m[38;5;0m│[m[m                            [m[38;5;0m│
  ソラニン                    [m[38;5;0m│[m[m                            [m[38;5;0m│
  adrenaline!!!               [m[38;5;0m│[m[m                            [m[38;5;0m│
  ヒトリノ夜                  [m[38;5;0m│[m[m                            [m[38;5;0m│
[m[38;5;9;48;5;0m> [m[1;38;5;11;48;5;0mあの日自分が出て行ってや..[m[m  [m[38;5;0m│[m[m                            [m[38;5;0m│
  [m[38;5;11m9/9[m[m                         [m[38;5;0m│[m[m                            [m[38;5;0m│
[m[38;5;12m> [m[38;5;15m█[m[m                           [m[38;5;0m└────────────────────────────┘
[m