                              [m[38;5;0m┌────────────────────────────┐
                              [m[38;5;0m│[m[39m Name: adrenaline!!!        [m[38;5;0m│
                              [m[38;5;0m│[m[39m Artist: TrySail            [m[38;5;0m│
                              [m[38;5;0m│[m[39m                            [m[38;5;0m│
                              [m[38;5;0m│[m[39m                            [m[38;5;0m│
                              [m[38;5;0m│[m[39m                            [m[38;5;0m│
  C[m[38;5;2ma[m[39mtch the Moment            [m[38;5;0m│[m[39m                            [m[38;5;0m│
[m[38;5;1m[48;5;0m> [m[1;38;5;6m[48;5;0ma[m[1;38;5;3m[48;5;0mdrenaline!!![m[39m               [m[38;5;0m│[m[39m                            [m[38;5;0m│
  [m[38;5;3m2/9[m[39m                         [m[38;5;0m│[m[39m                            [m[38;5;0m│
[m[38;5;4m> [m[1;39ma[m[38;5;7m█[m[39m                          [m[38;5;0m└────────────────────────────┘
[m